>>> runfile('/Users/akond/Documents/AkondOneDrive/OneDrive/StackOverflowProject/DevOpsInSO/src/reader.py', wdir='/Users/akond/Documents/AkondOneDrive/OneDrive/StackOverflowProject/DevOpsInSO/src')
Reloaded modules: utility
Total 11265 matching posts found!
Total 594612 posts analyzed

----------------------------------------------------------------------------------------------------
# Runtime: 91.798 secs
>>> runfile('/Users/akond/Documents/AkondOneDrive/OneDrive/StackOverflowProject/DevOpsInSO/src/utility.py', wdir='/Users/akond/Documents/AkondOneDrive/OneDrive/StackOverflowProject/DevOpsInSO/src')
Reloaded modules: utility
Total tags: 1259
Dumped-a-file-of-8938-bytes
>>> 


>>> runfile('/Users/akond/Documents/AkondOneDrive/OneDrive/StackOverflowProject/DevOpsInSO/src/mc_tagMatching.py', wdir='/Users/akond/Documents/AkondOneDrive/OneDrive/StackOverflowProject/DevOpsInSO/src')
Started at: 2016-08-21 17:54:58
The file is called: server_fault_one
Total tags to look for  298
Count of threads that will be used: 8
Parallel output: 
[('qemu', 265, 6), ('qos', 162, 2), ('qt', 8, 1), ('rabbitmq', 116, 15), ('rack', 572, 16), ('rackspace', 250, 13), ('rackspace-cloud', 109, 6), ('raid', 3728, 6), ('rate-limiting', 132, 3), ('razor', 6, 1), ('rdp', 1766, 25), ('rds', 483, 19), ('redhat', 2146, 68), ('redirect', 1939, 11), ('redis', 212, 10), ('redis-sentinel', 7, 1), ('redmine', 173, 2), ('redundancy', 234, 2), ('regex', 382, 4), ('release-management', 8, 2), ('remote-access', 856, 14), ('remote-desktop', 1460, 3), ('replication', 1291, 8), ('reporting', 99, 2), ('repository', 237, 10), ('reset', 96, 1), ('resource-management', 51, 1), ('resources', 79, 4), ('response-time', 41, 1), ('restore', 355, 3), ('restrictions', 38, 1), ('reverse-dns', 329, 4), ('reverse-proxy', 1419, 36), ('rewrite', 2827, 7), ('rhel5', 370, 6), ('rhel6', 408, 20), ('rhel7', 102, 16), ('rm', 8809, 113), ('robocopy', 172, 1), ('rollback', 22, 1), ('root', 825, 11), ('round-robin', 44, 1), ('roundcube', 88, 1), ('router', 1606, 5), ('routing', 2377, 23), ('rpm', 541, 30), ('rrdtool', 89, 1), ('rsa', 137, 1), ('rsync', 1140, 14), ('rsyslog', 347, 5), ('ruby', 1216, 167), ('ruby-on-rails', 855, 70), ('ruby-on-rails-3', 46, 2), ('rubygems', 81, 21), ('runit', 19, 4), ('rvm', 77, 13), ('s3cmd', 31, 1), ('saas', 47, 2), ('samba', 1418, 14), ('saml', 14, 1), ('sasl', 206, 1), ('satellite', 36, 3), ('scalability', 211, 4), ('scaling', 232, 13), ('scalr', 14, 2), ('sccm', 347, 1), ('scheduling', 45, 3), ('scp', 347, 2), ('screen', 364, 4), ('scripting', 1745, 28), ('search', 491, 13), ('security', 5421, 66), ('sed', 210, 4), ('segmentation-fault', 89, 2), ('selenium', 28, 5), ('selinux', 380, 20), ('sendmail', 1021, 3), ('sensu', 18, 4), ('service', 5303, 315), ('setuptools', 8, 1), ('sftp', 758, 12), ('sharding', 41, 1), ('share', 2774, 4), ('sharepoint', 1139, 1), ('shell', 3597, 35), ('shorewall', 73, 2), ('shutdown', 80, 1), ('single-sign-on', 207, 3), ('sip', 211, 2), ('slackware', 49, 1), ('slave', 109, 2), ('sles', 266, 4), ('smtp', 2317, 7), ('snapshot', 375, 4), ('sni', 195, 1), ('snmp', 608, 2), ('snmpd', 53, 1), ('snort', 96, 1), ('soap', 50, 1), ('socks', 118, 1), ('solaris', 1277, 6), ('solaris-10', 165, 1), ('solr', 170, 4), ('spam', 1252, 4), ('spamassassin', 259, 1), ('sparc', 45, 1), ('specifications', 32, 1), ('spf', 515, 1), ('sphinx', 49, 1), ('splunk', 49, 2), ('sql', 14639, 138), ('sql-server', 6042, 7), ('sql-server-2008', 2121, 1), ('sql-server-2012', 228, 1), ('sql-server-2014', 31, 1), ('sqlite', 75, 2), ('squid', 1054, 14), ('srv-record', 27, 1), ('ssd', 641, 8), ('ssh', 5930, 198), ('ssh-agent', 76, 8), ('ssh-keygen', 32, 1), ('ssh-keys', 416, 28), ('ssh-tunnel', 451, 9), ('sshfs', 97, 2), ('ssl', 5422, 88), ('ssl-certificate', 1734, 20), ('sssd', 111, 7), ('start-stop-daemon', 21, 1), ('starttls', 51, 1), ('startup', 265, 7), ('stat', 1819, 22), ('static-content', 91, 4), ('static-files', 38, 1), ('stdout', 43, 3), ('storage', 2581, 27), ('strace', 67, 3), ('strongswan', 90, 4), ('stunnel', 103, 1), ('su', 4213, 88), ('subdomain', 1039, 8), ('subscription', 13, 1), ('sudo', 630, 38), ('supervisord', 167, 22), ('suphp', 72, 1), ('svn', 1316, 18), ('svnserve', 47, 1), ('swap', 300, 7), ('synchronization', 575, 2), ('synology', 118, 1), ('syntax', 41, 5), ('sysctl', 68, 2), ('syslog', 771, 16), ('syslog-ng', 119, 4), ('sysprep', 138, 3), ('system-monitoring', 100, 1), ('systemctl', 31, 3), ('systemd', 269, 40), ('tail', 68, 1), ('tap', 426, 1), ('tar', 1104, 50), ('tcp', 1648, 8), ('tcpdump', 281, 3), ('teamcity', 63, 2), ('telnet', 236, 1), ('templates', 31, 11), ('terminal', 977, 7), ('test-kitchen', 3, 3), ('testing', 398, 9), ('tftp', 95, 1), ('thin', 196, 6), ('throttling', 30, 1), ('time', 1325, 19), ('timeout', 425, 4), ('timestamp', 58, 1), ('timezone', 145, 8), ('tmux', 34, 1), ('tomcat', 2064, 45), ('tomcat6', 278, 6), ('tomcat7', 188, 6), ('traffic', 535, 7), ('ttl', 195, 4), ('tunnel', 911, 14), ('tunneling', 292, 2), ('twisted', 9, 1), ('uac', 125, 1), ('ubuntu', 13200, 435), ('ubuntu-10.04', 726, 7), ('ubuntu-10.10', 107, 3), ('ubuntu-11.10', 54, 2), ('ubuntu-12.04', 1016, 41), ('ubuntu-13.04', 37, 5), ('ubuntu-14.04', 741, 40), ('ubuntu-14.10', 16, 2), ('ubuntu-15.04', 4, 3), ('ubuntu-15.10', 15, 1), ('ubuntu-8.04', 87, 1), ('udev', 76, 3), ('udp', 320, 2), ('ufw', 157, 8), ('uid', 1171, 16), ('ulimit', 126, 4), ('umask', 68, 1), ('unicode', 30, 2), ('unicorn', 221, 16), ('uninstall', 113, 4), ('unix', 1779, 21), ('untagged', 576, 7), ('upgrade', 248, 1), ('upload', 279, 2), ('upstart', 258, 20), ('uptime', 75, 1), ('url', 730, 16), ('user-accounts', 349, 5), ('user-management', 514, 27), ('user-permissions', 261, 2), ('user-profile', 168, 1), ('utf-8', 84, 1), ('utilization', 419, 5), ('uuid', 37, 1), ('uwsgi', 250, 10), ('vagrant', 374, 366), ('varnish', 713, 8), ('vbulletin', 14, 1), ('verification', 17, 1), ('version-control', 111, 10), ('versioning', 32, 2), ('vim', 86, 2), ('virsh', 58, 4), ('virtual-directory', 53, 1), ('virtual-memory', 95, 1), ('virtualbox', 880, 92), ('virtualhost', 2037, 18), ('virtualization', 4058, 124), ('virtualmin', 17, 1), ('virtuoso', 3, 1), ('visual-studio', 130, 2), ('visualsvn-server', 98, 2), ('vlan', 824, 11), ('vmware-tools', 44, 2), ('vmware-workstation', 379, 3), ('vnc', 336, 11), ('voip', 368, 3), ('vpn', 4619, 28), ('vps', 1430, 15), ('vsftpd', 133, 1), ('wake-on-lan', 76, 1), ('watchdog', 26, 2), ('wds', 245, 1), ('web', 8500, 336), ('web-applications', 270, 5), ('web-hosting', 754, 3), ('web-platform-installer', 21, 1), ('webdav', 240, 3), ('website', 479, 1), ('websocket', 38, 3), ('websphere', 125, 2), ('wget', 217, 5), ('whitelist', 86, 2), ('wildcard', 293, 2), ('wildcard-subdomain', 121, 1), ('windows', 35809, 173), ('windows-10', 137, 2), ('windows-7', 3048, 11), ('windows-8', 351, 4), ('windows-8.1', 188, 2), ('windows-firewall', 306, 2), ('windows-server-2003', 5476, 3), ('windows-server-2008', 12729, 49), ('windows-server-2008-r2', 4671, 21), ('windows-server-2012', 3703, 24), ('windows-server-2012-r2', 1642, 15), ('windows-server-2016', 9, 1), ('windows-xp', 1614, 1), ('winrm', 88, 4), ('wmi', 304, 1), ('wordpress', 988, 24), ('wsgi', 636, 16), ('x11', 149, 5), ('xampp', 201, 12), ('xdebug', 31, 2), ('xen', 1616, 17), ('xinetd', 48, 2), ('xmpp', 128, 2), ('xorg', 39, 2), ('xtradb', 39, 5), ('xvfb', 10, 1), ('yaml', 13, 11), ('yum', 1027, 66), ('zabbix', 273, 3), ('zend-framework', 67, 1), ('zend-server', 50, 1), ('zerovm', 1, 1), ('zfs', 741, 10), ('zimbra', 161, 1), ('zookeeper', 24, 1), ('zsh', 46, 1), ('zypper', 4, 1)]

----------------------------------------------------------------------------------------------------
# Runtime: 4779.773 secs
Dumped a file with 4489 bytes
Ended at: 2016-08-21 19:14:38
>>> 


>>> runfile('C:/StackOverflowProject/DevOpsInSO/src/mc_tagMatching.py', wdir='C:/StackOverflowProject/DevOpsInSO/src')
Reloaded modules: utility
Started at: 2016-08-21 15:52:11
The file is called: server_fault_three
Total tags to look for  300
Count of threads that will be used: 8
Parallel output: 
[('.htaccess', 1951, 7), ('.htpasswd', 37, 1), ('.net', 1632, 9), ('accounts', 490, 6), ('active-directory', 6722, 28), ('activemq', 32, 2), ('adfs', 187, 1), ('adobe', 68, 1), ('agent', 414, 63), ('aix', 228, 1), ('alerts', 103, 1), ('alfresco', 49, 1), ('alias', 384, 3), ('amazon-cloudformation', 96, 17), ('amazon-cloudfront', 118, 2), ('amazon-cloudwatch', 49, 1), ('amazon-dynamodb', 9, 1), ('amazon-ebs', 377, 10), ('amazon-ec2', 4369, 212), ('amazon-ecs', 13, 10), ('amazon-elb', 263, 13), ('amazon-iam', 75, 6), ('amazon-rds', 249, 17), ('amazon-route53', 236, 4), ('amazon-s3', 565, 21), ('amazon-ses', 70, 1), ('amazon-vpc', 292, 19), ('amazon-web-services', 3150, 293), ('anaconda', 28, 1), ('android', 135, 3), ('ansi', 374, 345), ('ansible', 348, 344), ('apache-spark', 4, 1), ('apache-traffic-server', 11, 2), ('apc', 64, 1), ('apparmor', 32, 1), ('apple', 175, 1), ('apt', 1196, 74), ('aptitude', 133, 5), ('architecture', 147, 4), ('arp', 318, 2), ('asp.net', 1241, 6), ('asp.net-mvc', 204, 1), ('asset-management', 33, 1), ('asterisk', 463, 5), ('atlassian', 29, 2), ('attributes', 39, 3), ('audit', 246, 2), ('augeas', 34, 18), ('authentication', 2003, 26), ('authorization', 112, 3), ('automatic-updates', 68, 3), ('automation', 430, 58), ('automount', 88, 3), ('autoscaling', 110, 9), ('avahi', 46, 1), ('awk', 119, 2), ('aws-cli', 68, 3), ('awstats', 101, 2), ('azure', 1099, 25), ('azure-active-directory', 50, 1), ('background-process', 64, 1), ('backup', 3821, 27), ('bacula', 121, 5), ('bandwidth', 686, 1), ('bash', 2386, 44), ('berkshelf', 4, 3), ('binary', 45, 1), ('bind', 1602, 15), ('bitnami', 17, 1), ('bits', 21, 1), ('block-device', 36, 1), ('blocking', 187, 1), ('boot', 1237, 19), ('bosun', 3, 1), ('boto', 11, 2), ('bower', 1, 1), ('bridge', 611, 19), ('broadcom', 47, 1), ('bsd', 1381, 18), ('bsod', 98, 1), ('btrfs', 94, 2), ('build-server', 39, 5), ('bundler', 15, 6), ('byobu', 8, 1), ('calico', 1, 1), ('capacity-planning', 74, 2), ('capistrano', 85, 79), ('case-sensitive', 10, 1), ('cassandra', 157, 5), ('cat', 9574, 129), ('cdn', 196, 6), ('celery', 20, 1), ('centos', 10091, 296), ('centos5', 787, 7), ('centos6', 1709, 59), ('centos6.5', 149, 11), ('centos7', 609, 44), ('ceph', 38, 7), ('certificate', 2664, 35), ('certificate-authority', 404, 4), ('cfengine', 39, 39), ('cgi-bin', 13, 1), ('channel', 171, 3), ('check-mk', 27, 3), ('chef', 545, 525), ('chef-solo', 81, 79), ('chef-zero', 4, 4), ('cherrypy', 15, 1), ('chmod', 208, 4), ('chown', 111, 2), ('chroot', 304, 4), ('cifs', 281, 2), ('cinder', 4, 4), ('cisco', 2765, 9), ('clone', 192, 2), ('cloning', 58, 1), ('cloud', 1708, 145), ('cloud-hosting', 138, 8), ('cloud-init', 41, 5), ('cloud-storage', 83, 6), ('cloudera', 13, 1), ('cloudflare', 149, 3), ('cmdb', 5, 1), ('cobbler', 49, 11), ('coldfusion', 198, 2), ('collectd', 51, 5), ('colocation', 94, 1), ('command', 1633, 12), ('command-line-interface', 1329, 8), ('compilation', 17, 1), ('compression', 352, 3), ('concurrency', 42, 1), ('conditional', 29, 4), ('configuration', 2290, 221), ('configuration-management', 275, 148), ('connection', 779, 2), ('connection-refused', 17, 1), ('console', 218, 2), ('containers', 94, 51), ('continuous-integration', 72, 34), ('cookbook', 19, 19), ('cookieless', 12, 1), ('cookies', 84, 1), ('copy', 418, 2), ('coreos', 122, 60), ('corruption', 164, 1), ('cors', 36, 1), ('couchbase', 21, 1), ('couchdb', 78, 4), ('cpan', 69, 1), ('cpu-architecture', 24, 2), ('cpu-usage', 419, 5), ('credentials', 108, 3), ('cron', 1442, 20), ('crowd', 8, 2), ('cscript', 4, 1), ('csr', 55, 2), ('cups', 124, 2), ('curl', 347, 14), ('cvs', 29, 1), ('cygwin', 228, 5), ('daemon', 281, 5), ('data-consistency', 9, 1), ('data-recovery', 289, 1), ('database', 1977, 13), ('database-administration', 253, 2), ('database-mirroring', 97, 1), ('datastax', 23, 1), ('datastax-enterprise', 16, 1), ('date', 1023, 23), ('dbus', 17, 1), ('dd', 1936, 10), ('deb', 5913, 149), ('debconf', 9, 3), ('debian', 5665, 138), ('debugging', 158, 1), ('dedicated-server', 333, 3), ('defaults', 37, 2), ('deflate', 83, 1), ('delegation', 94, 1), ('dependencies', 151, 11), ('deployment', 963, 131), ('device-mapper', 10, 2), ('dhclient', 50, 1), ('dhcp', 1703, 15), ('diff', 140, 1), ('dig', 161, 2), ('digest', 17, 1), ('directory', 7564, 35), ('directory-listing', 19, 1), ('disaster-recovery', 296, 2), ('dism', 24, 1), ('display', 44, 1), ('distributed-computing', 32, 3), ('distribution', 130, 1), ('django', 686, 15), ('dkim', 281, 1), ('dmz', 163, 2), ('dnsmasq', 176, 7), ('dnssec', 99, 1), ('docker', 681, 664), ('docker-registry', 10, 10), ('documentation', 103, 6), ('domainkeys', 39, 1), ('dovecot', 860, 5), ('dpkg', 117, 14), ('drbd', 168, 1), ('dreamhost', 53, 1), ('drivers', 358, 4), ('drupal', 264, 7), ('dsc', 38, 2), ('dynamic', 347, 3), ('eclipse', 45, 3), ('elastic-beanstalk', 147, 24), ('elasticsearch', 172, 12), ('elastix', 20, 1), ('email', 6007, 20), ('email-bounces', 258, 2), ('embedded', 93, 1), ('emc', 527, 8), ('encoding', 115, 3), ('encryption', 608, 9), ('env', 2593, 47), ('environment-variables', 267, 14), ('epel', 42, 2), ('erlang', 32, 2), ('errordocument', 54, 1), ('escaping', 19, 1), ('etcd', 20, 7), ('eucalyptus', 36, 8), ('exec', 392, 5), ('execution', 20, 1), ('exim', 736, 5), ('expect', 80, 1), ('ext3', 271, 2), ('ext4', 302, 1), ('fabric', 50, 8), ('facter', 28, 27), ('fail2ban', 290, 1), ('failover', 812, 5), ('failovercluster', 236, 1), ('fastcgi', 601, 6), ('fault-tolerance', 64, 2), ('fedora', 898, 21), ('ffmpeg', 78, 1), ('fhs', 14, 1), ('file-permissions', 659, 16), ('file-sharing', 508, 4), ('file-transfer', 248, 1), ('filesystems', 1493, 19), ('filter', 460, 3), ('filtering', 122, 1), ('firebird', 18, 1), ('firefox', 194, 3), ('firewall', 3188, 29), ('firewalld', 101, 3), ('firmware', 98, 1), ('flags', 16, 1), ('flash', 213, 3), ('flash-media-server', 23, 2), ('flask', 29, 2), ('fluentd', 10, 1), ('foreman', 93, 66), ('fork', 89, 2), ('format', 192, 18), ('forwarding', 1410, 30), ('fqdn', 91, 2), ('freebsd', 1175, 18), ('freeipa', 83, 2), ('freeradius', 156, 2), ('ftp', 2768, 21), ('fuse', 89, 3), ('g++', 9, 1), ('galera', 49, 4), ('ganglia', 47, 1), ('gateway', 418, 2), ('gcc', 64, 1), ('gcloud', 8, 3), ('gem', 1956, 245), ('gentoo', 206, 2), ('geoip', 45, 1), ('gerrit', 18, 3), ('ghost', 88, 2), ('git', 1101, 94), ('github', 101, 17), ('gitlab', 158, 20), ('gitolite', 73, 2), ('glassfish', 177, 3), ('glibc', 51, 2), ('glusterfs', 206, 8), ('gnome', 106, 2), ('gnutls', 25, 1), ('godaddy', 315, 1), ('google-analytics', 40, 1), ('google-app-engine', 86, 2), ('google-chrome', 143, 1), ('google-cloud-platform', 180, 13), ('google-compute-engine', 141, 12), ('google-container-engine', 25, 21)]

----------------------------------------------------------------------------------------------------
# Runtime: 1845.947 secs
Dumped a file with 4941 bytes
Ended at: 2016-08-21 16:22:57
>>> 

>>> runfile('C:/StackOverflowProject/DevOpsInSO/src/mc_tagMatching.py', wdir='C:/StackOverflowProject/DevOpsInSO/src')
Reloaded modules: utility
Started at: 2016-08-21 16:28:01
The file is called: server_fault_two
Total tags to look for  300
Count of threads that will be used: 8
Parallel output: 
[('graph', 382, 10), ('graphite', 64, 4), ('graylog2', 38, 4), ('grep', 239, 4), ('group-policy', 2075, 3), ('groups', 385, 12), ('grub2', 81, 1), ('gunicorn', 101, 3), ('gzip', 257, 2), ('hacking', 377, 1), ('hadoop', 185, 12), ('haproxy', 1059, 32), ('hard-drive', 1820, 4), ('hardware', 1847, 5), ('hash', 71, 2), ('hdfs', 45, 1), ('headless', 67, 3), ('heartbeat', 135, 2), ('heroku', 150, 4), ('hhvm', 31, 2), ('hiera', 59, 52), ('hierarchy', 9, 4), ('high-availability', 664, 12), ('high-load', 157, 6), ('home-directory', 118, 2), ('hook', 41, 2), ('host', 5822, 68), ('hosting', 2280, 24), ('hostname', 425, 9), ('hosts', 383, 9), ('hosts-file', 134, 4), ('hpc', 69, 1), ('html', 169, 1), ('http', 5368, 51), ('http-headers', 335, 1), ('http-proxy', 84, 1), ('http-status-code-403', 169, 2), ('http-status-code-404', 275, 2), ('httpd.conf', 450, 5), ('https', 1342, 16), ('hudson', 93, 26), ('hyper-v', 1936, 10), ('hyperthreading', 38, 1), ('hypervisor', 93, 2), ('icinga', 113, 4), ('icmp', 152, 2), ('ifconfig', 141, 2), ('iis', 7255, 11), ('iis-7', 3149, 3), ('iis-7.5', 1205, 1), ('iis-8', 425, 2), ('iis-8.5', 157, 1), ('image', 499, 11), ('imagemagick', 77, 2), ('imaging', 110, 1), ('imap', 461, 2), ('import', 100, 1), ('inetd', 63, 3), ('infiniband', 65, 2), ('infrastructure', 124, 9), ('init', 466, 13), ('init.d', 251, 4), ('installation', 1328, 34), ('intel', 238, 2), ('interface', 1657, 12), ('intranet', 126, 1), ('io', 27103, 746), ('ios', 1736, 35), ('iozone', 6, 1), ('ip', 13182, 197), ('ip-address', 416, 1), ('ipc', 53, 1), ('iperf', 62, 1), ('ipmi', 197, 1), ('ipsec', 631, 5), ('iptables', 3982, 98), ('ipv4', 242, 3), ('ipv6', 948, 11), ('isapi', 59, 1), ('iscsi', 616, 6), ('iso', 416, 26), ('jail', 79, 3), ('java', 1533, 47), ('javascript', 123, 1), ('jboss', 318, 9), ('jdbc', 76, 2), ('jenkins', 275, 270), ('jetty', 142, 2), ('jinja', 1, 1), ('jira', 78, 2), ('jmx', 51, 1), ('job-control', 15, 1), ('joomla', 127, 1), ('json', 38, 3), ('jsp', 43, 1), ('kerberos', 699, 8), ('kernel', 946, 13), ('keyboard', 158, 2), ('keychain', 15, 1), ('kibana', 43, 4), ('knife', 71, 66), ('l2tp', 135, 1), ('lamp', 566, 13), ('landscape', 4, 1), ('language', 45, 1), ('ldap', 2308, 27), ('lets-encrypt', 24, 1), ('libraries', 64, 5), ('libvirt', 311, 22), ('licensing', 519, 2), ('liferay', 22, 1), ('lighttpd', 531, 3), ('linode', 211, 5), ('linux', 28984, 576), ('linux-kernel', 287, 6), ('linuxmint', 35, 3), ('live-cd', 39, 1), ('load-balancing', 1657, 22), ('local', 1254, 10), ('localhost', 390, 1), ('localization', 95, 5), ('log-files', 832, 1), ('logging', 2083, 20), ('login', 738, 4), ('logrotate', 278, 4), ('logstash', 169, 9), ('logstash-forwarder', 7, 2), ('loopback', 98, 1), ('lsyncd', 8, 1), ('lua', 42, 1), ('luks', 72, 1), ('lvm', 942, 8), ('lxc', 233, 38), ('mac-address', 198, 1), ('magento', 167, 2), ('maildir', 79, 1), ('maintenance', 203, 2), ('mamp', 74, 1), ('mariadb', 221, 13), ('mask', 112, 2), ('master', 345, 219), ('master-slave', 91, 1), ('maven', 45, 8), ('mcollective', 24, 18), ('md5', 31, 2), ('mediawiki', 133, 1), ('mellanox', 13, 1), ('memcached', 346, 3), ('memory', 2044, 20), ('mercurial', 123, 3), ('meteor', 23, 2), ('metrics', 61, 6), ('migration', 1076, 14), ('mikrotik', 127, 1), ('mirror', 346, 4), ('mod-auth', 89, 1), ('mod-deflate', 67, 1), ('mod-fastcgi', 50, 1), ('mod-perl', 51, 1), ('mod-proxy', 549, 7), ('mod-rewrite', 1630, 4), ('mod-security', 205, 1), ('mod-ssl', 200, 3), ('mod-wsgi', 335, 6), ('mogilefs', 4, 1), ('mongodb', 546, 19), ('mongrel', 42, 2), ('mongrel-cluster', 9, 1), ('monit', 2925, 56), ('monitoring', 2705, 45), ('mono', 116, 1), ('moodle', 26, 1), ('mount', 970, 10), ('msdeploy', 44, 1), ('multicast', 209, 1), ('multiple-instances', 48, 1), ('munin', 291, 4), ('mx-record', 494, 5), ('mysql', 6892, 94), ('mysql-cluster', 81, 2), ('nagios', 1075, 33), ('namespaces', 39, 1), ('nat', 1625, 28), ('neo4j', 7, 2), ('netcat', 119, 4), ('netflow', 38, 1), ('netscaler', 33, 1), ('netstat', 226, 2), ('network-monitoring', 401, 3), ('network-traffic', 75, 1), ('networking', 11300, 172), ('nfs', 1286, 24), ('nginx', 8212, 197), ('nic', 1206, 25), ('nis', 1126, 11), ('nmap', 154, 1), ('node.js', 484, 28), ('nosql', 54, 1), ('npm', 37, 9), ('nrpe', 106, 3), ('nsd', 19, 1), ('nslookup', 136, 2), ('nss', 1026, 22), ('ntfs', 430, 1), ('ntlm', 137, 1), ('ntp', 497, 7), ('ntpd', 156, 2), ('oauth', 24, 1), ('ocfs2', 41, 1), ('opcache', 5, 1), ('open-source', 145, 4), ('openfire', 57, 2), ('openflow', 10, 1), ('opengl', 18, 2), ('openid', 33, 4), ('openindiana', 39, 1), ('openldap', 873, 5), ('opennebula', 26, 1), ('opennms', 38, 1), ('openshift-origin', 20, 20), ('openssl', 852, 18), ('openstack', 295, 278), ('openstack-glance', 7, 7), ('openstack-horizon', 4, 4), ('openstack-neutron', 14, 12), ('openstack-nova', 22, 21), ('opensuse', 263, 5), ('openswan', 112, 1), ('openvpn', 1606, 14), ('openvswitch', 59, 11), ('openvz', 389, 5), ('openwrt', 113, 1), ('operating-system', 122, 1), ('opscenter', 62, 2), ('opsworks', 61, 30), ('optimization', 298, 1), ('options', 37, 1), ('oracle', 871, 5), ('osx-lion', 75, 2), ('osx-yosemite', 29, 1), ('outlook', 1372, 1), ('ovf', 30, 1), ('ovh', 14, 1), ('owncloud', 48, 1), ('pacemaker', 148, 1), ('package-management', 309, 32), ('packages', 167, 21), ('packaging', 45, 2), ('packer', 17, 9), ('pam', 1755, 15), ('parsing', 32, 1), ('partition', 854, 3), ('passwd', 163, 4), ('password-policy', 45, 1), ('patch', 185, 7), ('path', 331, 9), ('pci-dss', 125, 1), ('pdo', 63, 2), ('pear', 60, 3), ('pecl', 88, 2), ('percona', 131, 9), ('performance', 3227, 18), ('perl', 530, 5), ('permissions', 3479, 46), ('pfsense', 461, 1), ('pgbouncer', 5, 1), ('pgp', 43, 1), ('phabricator', 2, 1), ('php', 7812, 100), ('pid', 74, 1), ('ping', 990, 6), ('pinning', 8, 1), ('pip', 565, 8), ('piwik', 21, 1), ('pki', 91, 2), ('pool', 295, 1), ('port', 2488, 40), ('port-scanning', 48, 1), ('postfix', 3784, 22), ('postgis', 24, 1), ('postgresql', 1306, 35), ('postgresql-9.1', 9, 1), ('powerdns', 61, 1), ('powershell', 2214, 15), ('pptp', 351, 1), ('private-key', 94, 5), ('process', 1483, 14), ('profile', 386, 3), ('protocols', 96, 1), ('providers', 13, 1), ('provisioning', 125, 48), ('proxmox', 168, 1), ('proxy', 5019, 108), ('proxypass', 202, 4), ('ps', 5909, 114), ('public-key', 201, 5), ('puppet', 1475, 1448), ('putty', 323, 3), ('python', 1126, 50), ('pythonpath', 7, 1)]

----------------------------------------------------------------------------------------------------
# Runtime: 1801.892 secs
Dumped a file with 4624 bytes
Ended at: 2016-08-21 16:58:03
>>> 

